// Jest Snapshot v1, https://goo.gl/fbAQLP

exports[`Card should match the snapshot 1`] = `
<div
  className="card-wrapper"
>
  <h4 />
  <span
    id="date"
  />
  <span
    id="time"
  />
  <span
    id="guests"
  >
    Number of guests: 
  </span>
</div>
`;
