// Jest Snapshot v1, https://goo.gl/fbAQLP

exports[`App should match the snapshot 1`] = `
<div
  className="App"
>
  <h1
    className="app-title"
  >
    Turing Cafe Reservations
  </h1>
  <div
    className="resy-form"
  >
    <Nav
      change={[Function]}
      click={[Function]}
      date=""
      name=""
      number=""
      reservations={Array []}
      time=""
    />
  </div>
  <div
    className="resy-container"
  />
</div>
`;
